// Jest Snapshot v1, https://goo.gl/fbAQLP

exports[`SearchResults component renders correctly 1`] = `
<DocumentFragment>
  <div
    class="search-results"
  >
    <img
      alt="space"
      class="search-results__image"
      src="test"
    />
    <img
      alt="space"
      class="search-results__image"
      src="test"
    />
  </div>
</DocumentFragment>
`;
